// Jest Snapshot v1, https://goo.gl/fbAQLP

exports[`<CartItem /> renders CartItem correctly 1`] = `
<DocumentFragment>
  <div
    class="cart-item"
  >
    <img
      alt="Boots"
      src="https://i.ibb.co/mJS6vz0/blue-jean-jacket.png"
    />
    <div
      class="item-details"
    >
      <span
        class="name"
      >
        Boots
      </span>
      <span
        class="price"
      >
        1 x $50
      </span>
    </div>
  </div>
</DocumentFragment>
`;
