// Jest Snapshot v1, https://goo.gl/fbAQLP

exports[`<FormInput /> renders component successfully 1`] = `
<DocumentFragment>
  <div
    class="group"
  >
    <input
      class="form-input"
    />
  </div>
</DocumentFragment>
`;
